\BOOKMARK [0][-]{chapter*.1}{\376\377\000E\000i\000d\000e\000s\000s\000t\000a\000t\000t\000l\000i\000c\000h\000e\000\040\000E\000r\000k\000l\000\344\000r\000u\000n\000g}{}% 1
\BOOKMARK [0][-]{chapter*.2}{\376\377\000K\000u\000r\000z\000f\000a\000s\000s\000u\000n\000g}{}% 2
\BOOKMARK [0][-]{chapter*.3}{\376\377\000A\000b\000s\000t\000r\000a\000c\000t}{}% 3
\BOOKMARK [0][-]{chapter*.5}{\376\377\000S\000y\000m\000b\000o\000l\000v\000e\000r\000z\000e\000i\000c\000h\000n\000i\000s}{}% 4
\BOOKMARK [0][-]{chapter.1}{\376\377\0001\000\040\000E\000i\000n\000l\000e\000i\000t\000u\000n\000g}{}% 5
\BOOKMARK [1][-]{section.1.1}{\376\377\0001\000.\0001\000\040\000M\000o\000t\000i\000v\000a\000t\000i\000o\000n}{chapter.1}% 6
\BOOKMARK [1][-]{section.1.2}{\376\377\0001\000.\0002\000\040\000P\000r\000o\000b\000l\000e\000m\000s\000t\000e\000l\000l\000u\000n\000g}{chapter.1}% 7
\BOOKMARK [1][-]{section.1.3}{\376\377\0001\000.\0003\000\040\000Z\000i\000e\000l\000s\000e\000t\000z\000u\000n\000g\000\040\000u\000n\000d\000\040\000F\000o\000r\000s\000c\000h\000u\000n\000g\000s\000f\000r\000a\000g\000e\000n}{chapter.1}% 8
\BOOKMARK [1][-]{section.1.4}{\376\377\0001\000.\0004\000\040\000A\000u\000f\000b\000a\000u\000\040\000d\000e\000r\000\040\000A\000r\000b\000e\000i\000t}{chapter.1}% 9
\BOOKMARK [0][-]{chapter.2}{\376\377\0002\000\040\000G\000r\000u\000n\000d\000l\000a\000g\000e\000n\000\040\000d\000e\000r\000\040\000L\000a\000s\000t\000f\000l\000u\000s\000s\000b\000e\000r\000e\000c\000h\000n\000u\000n\000g}{}% 10
\BOOKMARK [1][-]{section.2.1}{\376\377\0002\000.\0001\000\040\000N\000e\000t\000z\000m\000o\000d\000e\000l\000l\000\040\000u\000n\000d\000\040\000K\000n\000o\000t\000e\000n\000t\000y\000p\000e\000n}{chapter.2}% 11
\BOOKMARK [2][-]{subsection.2.1.1}{\376\377\0002\000.\0001\000.\0001\000\040\000A\000d\000m\000i\000t\000t\000a\000n\000z\000f\000o\000r\000m\000u\000l\000i\000e\000r\000u\000n\000g\000\040\000d\000e\000s\000\040\000N\000e\000t\000z\000e\000s}{section.2.1}% 12
\BOOKMARK [2][-]{subsection.2.1.2}{\376\377\0002\000.\0001\000.\0002\000\040\000K\000n\000o\000t\000e\000n\000t\000y\000p\000e\000n}{section.2.1}% 13
\BOOKMARK [2][-]{subsection.2.1.3}{\376\377\0002\000.\0001\000.\0003\000\040\000L\000a\000s\000t\000m\000o\000d\000e\000l\000l\000i\000e\000r\000u\000n\000g}{section.2.1}% 14
\BOOKMARK [2][-]{subsection.2.1.4}{\376\377\0002\000.\0001\000.\0004\000\040\000T\000h\000\351\000v\000e\000n\000i\000n\000-\000\304\000q\000u\000i\000v\000a\000l\000e\000n\000t\000\040\000a\000n\000\040\000e\000i\000n\000e\000m\000\040\000L\000a\000s\000t\000k\000n\000o\000t\000e\000n}{section.2.1}% 15
\BOOKMARK [1][-]{section.2.2}{\376\377\0002\000.\0002\000\040\000N\000e\000w\000t\000o\000n\000-\000R\000a\000p\000h\000s\000o\000n\000-\000V\000e\000r\000f\000a\000h\000r\000e\000n}{chapter.2}% 16
\BOOKMARK [2][-]{subsection.2.2.1}{\376\377\0002\000.\0002\000.\0001\000\040\000B\000e\000h\000a\000n\000d\000l\000u\000n\000g\000\040\000v\000o\000n\000\040\000P\000V\000-\000K\000n\000o\000t\000e\000n}{section.2.2}% 17
\BOOKMARK [2][-]{subsection.2.2.2}{\376\377\0002\000.\0002\000.\0002\000\040\000B\000e\000w\000e\000r\000t\000u\000n\000g\000\040\000f\000\374\000r\000\040\000m\000u\000l\000t\000i\000d\000i\000m\000e\000n\000s\000i\000o\000n\000a\000l\000e\000\040\000L\000a\000s\000t\000f\000l\000u\000s\000s\000a\000n\000a\000l\000y\000s\000e\000n}{section.2.2}% 18
\BOOKMARK [1][-]{section.2.3}{\376\377\0002\000.\0003\000\040\000F\000i\000x\000p\000u\000n\000k\000t\000-\000I\000t\000e\000r\000a\000t\000i\000o\000n\000\040\000u\000n\000d\000\040\000B\000a\000n\000a\000c\000h\000s\000c\000h\000e\000r\000\040\000F\000i\000x\000p\000u\000n\000k\000t\000s\000a\000t\000z}{chapter.2}% 19
\BOOKMARK [2][-]{subsection.2.3.1}{\376\377\0002\000.\0003\000.\0001\000\040\000L\000a\000u\000r\000e\000n\000t\000-\000R\000e\000i\000h\000e\000n\000-\000A\000p\000p\000r\000o\000x\000i\000m\000a\000t\000i\000o\000n}{section.2.3}% 20
\BOOKMARK [2][-]{subsection.2.3.2}{\376\377\0002\000.\0003\000.\0002\000\040\000H\000e\000r\000l\000e\000i\000t\000u\000n\000g\000\040\000d\000e\000r\000\040\000F\000i\000x\000p\000u\000n\000k\000t\000-\000I\000t\000e\000r\000a\000t\000i\000o\000n}{section.2.3}% 21
\BOOKMARK [2][-]{subsection.2.3.3}{\376\377\0002\000.\0003\000.\0003\000\040\000K\000o\000n\000v\000e\000r\000g\000e\000n\000z\000\040\000\374\000b\000e\000r\000\040\000d\000e\000n\000\040\000B\000a\000n\000a\000c\000h\000s\000c\000h\000e\000n\000\040\000F\000i\000x\000p\000u\000n\000k\000t\000s\000a\000t\000z}{section.2.3}% 22
\BOOKMARK [0][-]{chapter.3}{\376\377\0003\000\040\000D\000e\000r\000\040\000T\000e\000n\000s\000o\000r\000\040\000P\000o\000w\000e\000r\000\040\000F\000l\000o\000w}{}% 23
\BOOKMARK [1][-]{section.3.1}{\376\377\0003\000.\0001\000\040\000G\000r\000u\000n\000d\000a\000l\000g\000o\000r\000i\000t\000h\000m\000u\000s}{chapter.3}% 24
\BOOKMARK [1][-]{section.3.2}{\376\377\0003\000.\0002\000\040\000D\000e\000n\000s\000e\000-\000F\000o\000r\000m\000u\000l\000i\000e\000r\000u\000n\000g}{chapter.3}% 25
\BOOKMARK [1][-]{section.3.3}{\376\377\0003\000.\0003\000\040\000L\000i\000m\000i\000t\000a\000t\000i\000o\000n\000\040\000P\000V\000-\000K\000n\000o\000t\000e\000n}{chapter.3}% 26
\BOOKMARK [0][-]{chapter.4}{\376\377\0004\000\040\000P\000V\000-\000K\000n\000o\000t\000e\000n\000-\000I\000n\000t\000e\000g\000r\000a\000t\000i\000o\000n\000\040\000i\000m\000\040\000T\000e\000n\000s\000o\000r\000\040\000P\000o\000w\000e\000r\000\040\000F\000l\000o\000w}{}% 27
\BOOKMARK [1][-]{section.4.1}{\376\377\0004\000.\0001\000\040\000A\000n\000a\000l\000y\000s\000e\000\040\000d\000e\000r\000\040\000A\000u\000s\000w\000i\000r\000k\000u\000n\000g\000\040\000v\000o\000n\000\040\000P\000V\000-\000K\000n\000o\000t\000e\000n\000\040\000a\000u\000f\000\040\000d\000i\000e\000\040\000F\000P\000I\000-\000S\000t\000r\000u\000k\000t\000u\000r}{chapter.4}% 28
\BOOKMARK [1][-]{section.4.2}{\376\377\0004\000.\0002\000\040\000M\000e\000t\000h\000o\000d\000e\000\040\000d\000e\000r\000\040\000\304\000u\000\337\000e\000r\000e\000n\000\040\000Q\000-\000S\000c\000h\000l\000e\000i\000f\000e}{chapter.4}% 29
\BOOKMARK [2][-]{subsection.4.2.1}{\376\377\0004\000.\0002\000.\0001\000\040\000H\000e\000r\000l\000e\000i\000t\000u\000n\000g\000\040\000d\000e\000r\000\040\000Q\000-\000K\000o\000r\000r\000e\000k\000t\000u\000r\000f\000o\000r\000m\000e\000l}{section.4.2}% 30
\BOOKMARK [2][-]{subsection.4.2.2}{\376\377\0004\000.\0002\000.\0002\000\040\000B\000e\000r\000\374\000c\000k\000s\000i\000c\000h\000t\000i\000g\000u\000n\000g\000\040\000d\000e\000r\000\040\000P\000V\000-\000P\000V\000-\000K\000o\000p\000p\000l\000u\000n\000g}{section.4.2}% 31
\BOOKMARK [2][-]{subsection.4.2.3}{\376\377\0004\000.\0002\000.\0003\000\040\000T\000e\000n\000s\000o\000r\000f\000o\000r\000m\000u\000l\000i\000e\000r\000u\000n\000g\000\040\000d\000e\000r\000\040\000\344\000u\000\337\000e\000r\000e\000n\000\040\000B\000l\000i\000n\000d\000l\000e\000i\000s\000t\000u\000n\000g\000s\000k\000o\000r\000r\000e\000k\000t\000u\000r}{section.4.2}% 32
\BOOKMARK [2][-]{subsection.4.2.4}{\376\377\0004\000.\0002\000.\0004\000\040\000A\000l\000g\000o\000r\000i\000t\000h\000m\000u\000s}{section.4.2}% 33
\BOOKMARK [0][-]{chapter.5}{\376\377\0005\000\040\000I\000m\000p\000l\000e\000m\000e\000n\000t\000i\000e\000r\000u\000n\000g}{}% 34
\BOOKMARK [1][-]{section.5.1}{\376\377\0005\000.\0001\000\040\000S\000o\000f\000t\000w\000a\000r\000e\000a\000r\000c\000h\000i\000t\000e\000k\000t\000u\000r\000\040\000d\000e\000r\000\040\000t\000p\000f\000-\000B\000i\000b\000l\000i\000o\000t\000h\000e\000k}{chapter.5}% 35
\BOOKMARK [2][-]{subsection.5.1.1}{\376\377\0005\000.\0001\000.\0001\000\040\000M\000o\000d\000u\000l\000\374\000b\000e\000r\000s\000i\000c\000h\000t}{section.5.1}% 36
\BOOKMARK [2][-]{subsection.5.1.2}{\376\377\0005\000.\0001\000.\0002\000\040\000K\000e\000r\000n\000-\000D\000a\000t\000e\000n\000s\000t\000r\000u\000k\000t\000u\000r\000e\000n}{section.5.1}% 37
\BOOKMARK [2][-]{subsection.5.1.3}{\376\377\0005\000.\0001\000.\0003\000\040\000L\000\366\000s\000e\000r\000-\000H\000i\000e\000r\000a\000r\000c\000h\000i\000e}{section.5.1}% 38
\BOOKMARK [2][-]{subsection.5.1.4}{\376\377\0005\000.\0001\000.\0004\000\040\000K\000o\000n\000v\000e\000r\000g\000e\000n\000z\000-\000I\000n\000s\000t\000r\000u\000m\000e\000n\000t\000i\000e\000r\000u\000n\000g}{section.5.1}% 39
\BOOKMARK [1][-]{section.5.2}{\376\377\0005\000.\0002\000\040\000T\000e\000s\000t\000n\000e\000t\000z\000e\000\040\000u\000n\000d\000\040\000S\000i\000m\000u\000l\000a\000t\000i\000o\000n\000s\000k\000a\000m\000p\000a\000g\000n\000e}{chapter.5}% 40
\BOOKMARK [2][-]{subsection.5.2.1}{\376\377\0005\000.\0002\000.\0001\000\040\000V\000e\000r\000w\000e\000n\000d\000e\000t\000e\000\040\000T\000e\000s\000t\000n\000e\000t\000z\000e}{section.5.2}% 41
\BOOKMARK [2][-]{subsection.5.2.2}{\376\377\0005\000.\0002\000.\0002\000\040\000Z\000e\000i\000t\000r\000e\000i\000h\000e\000n\000p\000r\000o\000f\000i\000l\000e}{section.5.2}% 42
\BOOKMARK [2][-]{subsection.5.2.3}{\376\377\0005\000.\0002\000.\0003\000\040\000A\000u\000f\000b\000a\000u\000\040\000d\000e\000r\000\040\000S\000i\000m\000u\000l\000a\000t\000i\000o\000n\000s\000k\000a\000m\000p\000a\000g\000n\000e}{section.5.2}% 43
\BOOKMARK [2][-]{subsection.5.2.4}{\376\377\0005\000.\0002\000.\0004\000\040\000V\000a\000l\000i\000d\000i\000e\000r\000u\000n\000g\000s\000-\000\040\000u\000n\000d\000\040\000A\000u\000s\000f\000\374\000h\000r\000u\000n\000g\000s\000u\000m\000g\000e\000b\000u\000n\000g}{section.5.2}% 44
\BOOKMARK [0][-]{chapter.6}{\376\377\0006\000\040\000E\000r\000g\000e\000b\000n\000i\000s\000s\000e\000\040\000u\000n\000d\000\040\000D\000i\000s\000k\000u\000s\000s\000i\000o\000n}{}% 45
\BOOKMARK [1][-]{section.6.1}{\376\377\0006\000.\0001\000\040\000O\000p\000t\000i\000m\000i\000e\000r\000u\000n\000g\000\040\000d\000e\000r\000\040\000M\000e\000t\000h\000o\000d\000e\000\040\000A}{chapter.6}% 46
\BOOKMARK [2][-]{subsection.6.1.1}{\376\377\0006\000.\0001\000.\0001\000\040\000E\000n\000t\000k\000o\000p\000p\000e\000l\000t\000e\000\040\000v\000s\000.\000\040\000g\000e\000k\000o\000p\000p\000e\000l\000t\000e\000\040\000S\000e\000n\000s\000i\000t\000i\000v\000i\000t\000\344\000t}{section.6.1}% 47
\BOOKMARK [2][-]{subsection.6.1.2}{\376\377\0006\000.\0001\000.\0002\000\040\000W\000a\000r\000m\000-\000S\000t\000a\000r\000t\000\040\000d\000e\000r\000\040\000i\000n\000n\000e\000r\000e\000n\000\040\000S\000c\000h\000l\000e\000i\000f\000e}{section.6.1}% 48
\BOOKMARK [2][-]{subsection.6.1.3}{\376\377\0006\000.\0001\000.\0003\000\040\000A\000d\000a\000p\000t\000i\000v\000e\000\040\000i\000n\000n\000e\000r\000e\000\040\000T\000o\000l\000e\000r\000a\000n\000z}{section.6.1}% 49
\BOOKMARK [1][-]{section.6.2}{\376\377\0006\000.\0002\000\040\000E\000i\000n\000f\000l\000u\000s\000s\000\040\000d\000e\000r\000\040\000N\000e\000t\000z\000g\000r\000\366\000\337\000e}{chapter.6}% 50
\BOOKMARK [1][-]{section.6.3}{\376\377\0006\000.\0003\000\040\000E\000i\000n\000f\000l\000u\000s\000s\000\040\000d\000e\000s\000\040\000R\000/\000X\000-\000V\000e\000r\000h\000\344\000l\000t\000n\000i\000s\000s\000e\000s}{chapter.6}% 51
\BOOKMARK [2][-]{subsection.6.3.1}{\376\377\0006\000.\0003\000.\0001\000\040\000V\000e\000r\000s\000u\000c\000h\000s\000a\000u\000f\000b\000a\000u\000:\000\040\000T\000r\000e\000n\000n\000u\000n\000g\000\040\000v\000o\000n\000\040\000I\000m\000p\000e\000d\000a\000n\000z\000b\000e\000t\000r\000a\000g\000\040\000u\000n\000d\000\040\000I\000m\000p\000e\000d\000a\000n\000z\000w\000i\000n\000k\000e\000l}{section.6.3}% 52
\BOOKMARK [2][-]{subsection.6.3.2}{\376\377\0006\000.\0003\000.\0002\000\040\000I\000n\000n\000e\000r\000e\000\040\000F\000i\000x\000p\000u\000n\000k\000t\000i\000t\000e\000r\000a\000t\000i\000o\000n}{section.6.3}% 53
\BOOKMARK [2][-]{subsection.6.3.3}{\376\377\0006\000.\0003\000.\0003\000\040\000\304\000u\000\337\000e\000r\000e\000\040\000B\000l\000i\000n\000d\000l\000e\000i\000s\000t\000u\000n\000g\000s\000k\000o\000r\000r\000e\000k\000t\000u\000r}{section.6.3}% 54
\BOOKMARK [2][-]{subsection.6.3.4}{\376\377\0006\000.\0003\000.\0004\000\040\000Z\000w\000i\000s\000c\000h\000e\000n\000f\000a\000z\000i\000t\000\040\000u\000n\000d\000\040\000E\000i\000n\000o\000r\000d\000n\000u\000n\000g}{section.6.3}% 55
\BOOKMARK [1][-]{section.6.4}{\376\377\0006\000.\0004\000\040\000E\000i\000n\000f\000l\000u\000s\000s\000\040\000d\000e\000s\000\040\000L\000a\000s\000t\000f\000a\000k\000t\000o\000r\000s}{chapter.6}% 56
\BOOKMARK [2][-]{subsection.6.4.1}{\376\377\0006\000.\0004\000.\0001\000\040\000V\000e\000r\000s\000u\000c\000h\000s\000a\000u\000f\000b\000a\000u\000\040\000u\000n\000d\000\040\000N\000o\000r\000m\000i\000e\000r\000u\000n\000g}{section.6.4}% 57
\BOOKMARK [2][-]{subsection.6.4.2}{\376\377\0006\000.\0004\000.\0002\000\040\000I\000n\000n\000e\000r\000e\000\040\000F\000i\000x\000p\000u\000n\000k\000t\000i\000t\000e\000r\000a\000t\000i\000o\000n}{section.6.4}% 58
\BOOKMARK [2][-]{subsection.6.4.3}{\376\377\0006\000.\0004\000.\0003\000\040\000L\000\366\000s\000b\000a\000r\000k\000e\000i\000t\000s\000g\000r\000e\000n\000z\000e\000\040\000u\000n\000d\000\040\000K\000r\000i\000t\000e\000r\000i\000e\000n\000v\000e\000r\000g\000l\000e\000i\000c\000h}{section.6.4}% 59
\BOOKMARK [2][-]{subsection.6.4.4}{\376\377\0006\000.\0004\000.\0004\000\040\000\304\000u\000\337\000e\000r\000e\000\040\000B\000l\000i\000n\000d\000l\000e\000i\000s\000t\000u\000n\000g\000s\000k\000o\000r\000r\000e\000k\000t\000u\000r}{section.6.4}% 60
\BOOKMARK [2][-]{subsection.6.4.5}{\376\377\0006\000.\0004\000.\0005\000\040\000R\000o\000b\000u\000s\000t\000h\000e\000i\000t\000\040\000u\000n\000d\000\040\000V\000e\000r\000s\000a\000g\000e\000n\000s\000b\000i\000l\000d}{section.6.4}% 61
\BOOKMARK [2][-]{subsection.6.4.6}{\376\377\0006\000.\0004\000.\0006\000\040\000R\000e\000c\000h\000e\000n\000z\000e\000i\000t\000\040\000u\000n\000d\000\040\000W\000i\000r\000k\000s\000a\000m\000k\000e\000i\000t\000\040\000d\000e\000r\000\040\000O\000p\000t\000i\000m\000i\000e\000r\000u\000n\000g\000e\000n}{section.6.4}% 62
\BOOKMARK [2][-]{subsection.6.4.7}{\376\377\0006\000.\0004\000.\0007\000\040\000Z\000w\000i\000s\000c\000h\000e\000n\000f\000a\000z\000i\000t}{section.6.4}% 63
\BOOKMARK [1][-]{section.6.5}{\376\377\0006\000.\0005\000\040\000P\000V\000-\000A\000n\000t\000e\000i\000l}{chapter.6}% 64
\BOOKMARK [1][-]{section.6.6}{\376\377\0006\000.\0006\000\040\000M\000e\000h\000r\000e\000r\000e\000\040\000L\000a\000s\000t\000f\000l\000\374\000s\000s\000e}{chapter.6}% 65
\BOOKMARK [2][-]{subsection.6.6.1}{\376\377\0006\000.\0006\000.\0001\000\040\000V\000e\000r\000s\000u\000c\000h\000s\000a\000u\000f\000b\000a\000u\000\040\000u\000n\000d\000\040\000D\000a\000t\000e\000n\000b\000a\000s\000i\000s}{section.6.6}% 66
\BOOKMARK [2][-]{subsection.6.6.2}{\376\377\0006\000.\0006\000.\0002\000\040\000A\000m\000o\000r\000t\000i\000s\000a\000t\000i\000o\000n\000\040\000d\000e\000r\000\040\000V\000o\000r\000b\000e\000r\000e\000c\000h\000n\000u\000n\000g\000\040\000u\000n\000d\000\040\000B\000r\000e\000a\000k\000-\000e\000v\000e\000n}{section.6.6}% 67
\BOOKMARK [2][-]{subsection.6.6.3}{\376\377\0006\000.\0006\000.\0003\000\040\000G\000e\000n\000a\000u\000i\000g\000k\000e\000i\000t\000\040\000u\000n\000d\000\040\000R\000o\000b\000u\000s\000t\000h\000e\000i\000t}{section.6.6}% 68
\BOOKMARK [2][-]{subsection.6.6.4}{\376\377\0006\000.\0006\000.\0004\000\040\000Z\000w\000i\000s\000c\000h\000e\000n\000f\000a\000z\000i\000t}{section.6.6}% 69
\BOOKMARK [0][-]{chapter*.79}{\376\377\000L\000i\000t\000e\000r\000a\000t\000u\000r\000v\000e\000r\000z\000e\000i\000c\000h\000n\000i\000s}{}% 70
